// Jest Snapshot v1, https://goo.gl/fbAQLP

exports[`Header should render 1`] = `
<header
  class="header-container"
>
  <nav
    class="nav-container"
  >
    <ul
      class="nav-list"
    >
      <li
        class="nav-item"
      >
        Job Histories
      </li>
      <li
        class="nav-item"
      >
        Skills
      </li>
      <li
        class="nav-item"
      >
        Contact
      </li>
    </ul>
  </nav>
</header>
`;
